../Stm32_F103C6_Drivers/LCD_Driver/LCD.c:14:6:my_wait	24	static
../Stm32_F103C6_Drivers/LCD_Driver/LCD.c:26:6:LCD_En_Kick	8	static
../Stm32_F103C6_Drivers/LCD_Driver/LCD.c:36:6:LCD_GOTO_XY	16	static
../Stm32_F103C6_Drivers/LCD_Driver/LCD.c:54:6:LCD_Clear_Screen	8	static
../Stm32_F103C6_Drivers/LCD_Driver/LCD.c:59:6:LCD_Is_Busy	16	static
../Stm32_F103C6_Drivers/LCD_Driver/LCD.c:89:6:LCD_Init	16	static
../Stm32_F103C6_Drivers/LCD_Driver/LCD.c:147:6:LCD_Write_Command	16	static
../Stm32_F103C6_Drivers/LCD_Driver/LCD.c:178:6:LCD_Write_Char	16	static
../Stm32_F103C6_Drivers/LCD_Driver/LCD.c:213:6:LCD_Write_String	24	static
../Stm32_F103C6_Drivers/LCD_Driver/LCD.c:234:6:LCD_Custom_Character	8	static
