20:10:11 **** Incremental Build of configuration Debug for project Led_toggle ****
make -j16 all 
arm-none-eabi-gcc "../Src/main.c" -mcpu=cortex-m3 -std=gnu11 -g3 -DSTM32 -DSTM32F1 -DSTM32F103C6Tx -DDEBUG -c -I../Inc -O0 -ffunction-sections -fdata-sections -Wall -fstack-usage -MMD -MP -MF"Src/main.d" -MT"Src/main.o" --specs=nano.specs -mfloat-abi=soft -mthumb -o "Src/main.o"
arm-none-eabi-gcc -o "Led_toggle.elf" @"objects.list"   -mcpu=cortex-m3 -T"C:\Users\Younis\Desktop\Embedded-diploma-orig\Unit 3\Lesson-1-STMIDE\Led_toggle\STM32F103C6TX_FLASH.ld" --specs=nosys.specs -Wl,-Map="Led_toggle.map" -Wl,--gc-sections -static --specs=nano.specs -mfloat-abi=soft -mthumb -Wl,--start-group -lc -lm -Wl,--end-group
Finished building target: Led_toggle.elf
 
arm-none-eabi-objdump -h -S  Led_toggle.elf  > "Led_toggle.list"
arm-none-eabi-objcopy  -O ihex  Led_toggle.elf  "Led_toggle.hex"
arm-none-eabi-objcopy  -O binary  Led_toggle.elf  "Led_toggle.bin"
arm-none-eabi-size   Led_toggle.elf 
   text	   data	    bss	    dec	    hex	filename
    672	      8	   1568	   2248	    8c8	Led_toggle.elf
Finished building: default.size.stdout
Finished building: Led_toggle.list
Finished building: Led_toggle.hex
Finished building: Led_toggle.bin
 
 
 
 

20:10:11 Build Finished. 0 errors, 0 warnings. (took 541ms)

