22:38:55 **** Incremental Build of configuration Debug for project GPIO_Lesson1 ****
make -j16 all 
arm-none-eabi-gcc -gdwarf-2 "../Src/main.c" -mcpu=cortex-m3 -std=gnu11 -g3 -DSTM32 -DSTM32F1 -DSTM32F103C6Tx -DDEBUG -c -I../Inc -O0 -ffunction-sections -fdata-sections -Wall -fstack-usage -MMD -MP -MF"Src/main.d" -MT"Src/main.o" --specs=nano.specs -mfloat-abi=soft -mthumb -o "Src/main.o"
arm-none-eabi-gcc -gdwarf-2 -o "GPIO_Lesson1.elf" @"objects.list"   -mcpu=cortex-m3 -T"C:\Users\Younis\Desktop\Embedded-diploma-orig\Unit 7\Lesson 1\GPIO_Lesson1\STM32F103C6TX_FLASH.ld" --specs=nosys.specs -Wl,-Map="GPIO_Lesson1.map" -Wl,--gc-sections -static --specs=nano.specs -mfloat-abi=soft -mthumb -Wl,--start-group -lc -lm -Wl,--end-group
Finished building target: GPIO_Lesson1.elf
 
arm-none-eabi-objdump -h -S  GPIO_Lesson1.elf  > "GPIO_Lesson1.list"
arm-none-eabi-objcopy  -O ihex  GPIO_Lesson1.elf  "GPIO_Lesson1.hex"
arm-none-eabi-objcopy  -O binary  GPIO_Lesson1.elf  "GPIO_Lesson1.bin"
arm-none-eabi-size   GPIO_Lesson1.elf 
   text	   data	    bss	    dec	    hex	filename
    836	      8	   1568	   2412	    96c	GPIO_Lesson1.elf
Finished building: default.size.stdout
Finished building: GPIO_Lesson1.hex
 
Finished building: GPIO_Lesson1.bin
Finished building: GPIO_Lesson1.list
 
 
 

22:38:55 Build Finished. 0 errors, 0 warnings. (took 550ms)

