
Allocating common symbols
Common symbol       size              file

Pressure_Driver     0x4               Pressure_Driver.o
Alarm_Driver        0x4               Alarm_Driver.o
Alarm_Monitor       0x4               Alarm_Monitor.o
MainAlg             0x4               MainAlg.o

Memory Configuration

Name             Origin             Length             Attributes
flash            0x08000000         0x00020000         xr
sram             0x20000000         0x00005000         xrw
*default*        0x00000000         0xffffffff

Linker script and memory map


.text           0x08000000      0x44c
 *(.vectors*)
 .vectors       0x08000000       0x1c startup.o
                0x08000000                vectors
 *(.text*)
 .text          0x0800001c       0xbc startup.o
                0x0800001c                H_Fault_Handler
                0x0800001c                MM_Fault_Handler
                0x0800001c                Bus_Handler
                0x0800001c                Default_Handler
                0x0800001c                Usage_Fault_Handler
                0x0800001c                NMI_Handler
                0x08000028                Reset_Handler
 .text          0x080000d8       0x48 Pressure_Driver.o
                0x080000d8                Pressure_init
                0x080000e4                ST_reading
 .text          0x08000120       0x7c main.o
                0x08000120                setup
                0x08000168                main
 .text          0x0800019c       0xd8 Alarm_Driver.o
                0x0800019c                Start_Alarm
                0x080001c0                Stop_Alarm
                0x080001e4                Alarm_init
                0x080001fc                ST_waiting
                0x08000214                ST_Alarm_is_on
                0x08000244                ST_Alarm_is_off
 .text          0x08000274       0x64 MainAlg.o
                0x08000274                set_Pressure_Val
                0x08000294                ST_High_Pressure_Detection
 .text          0x080002d8        0x0 Pressure_Controller.o
 .text          0x080002d8      0x10c driver.o
                0x080002d8                Delay
                0x080002fc                getPressureVal
                0x08000314                Set_Alarm_actuator
                0x08000364                GPIO_INITIALIZATION
 .text          0x080003e4       0x68 Alarm_Monitor.o
                0x080003e4                High_Pressure_detected
                0x08000400                ST_Alarm_Off
                0x08000418                ST_Alarm_On
 *(.rodata)
                0x0800044c                _E_text = .

.glue_7         0x0800044c        0x0
 .glue_7        0x00000000        0x0 linker stubs

.glue_7t        0x0800044c        0x0
 .glue_7t       0x00000000        0x0 linker stubs

.vfp11_veneer   0x0800044c        0x0
 .vfp11_veneer  0x00000000        0x0 linker stubs

.v4_bx          0x0800044c        0x0
 .v4_bx         0x00000000        0x0 linker stubs

.iplt           0x0800044c        0x0
 .iplt          0x00000000        0x0 startup.o

.rel.dyn        0x0800044c        0x0
 .rel.iplt      0x00000000        0x0 startup.o

.data           0x20000000        0x4 load address 0x0800044c
                0x20000000                _S_data = .
 *(.data)
 .data          0x20000000        0x0 startup.o
 .data          0x20000000        0x0 Pressure_Driver.o
 .data          0x20000000        0x0 main.o
 .data          0x20000000        0x0 Alarm_Driver.o
 .data          0x20000000        0x4 MainAlg.o
 .data          0x20000004        0x0 Pressure_Controller.o
 .data          0x20000004        0x0 driver.o
 .data          0x20000004        0x0 Alarm_Monitor.o
                0x20000004                . = ALIGN (0x4)
                0x20000004                _E_data = .

.igot.plt       0x20000004        0x0 load address 0x08000450
 .igot.plt      0x00000000        0x0 startup.o

.bss            0x20000004     0x1018 load address 0x08000450
                0x20000004                _S_bss = .
 *(.bss)
 .bss           0x20000004        0x0 startup.o
 .bss           0x20000004        0x4 Pressure_Driver.o
 .bss           0x20000008        0x0 main.o
 .bss           0x20000008        0x0 Alarm_Driver.o
 .bss           0x20000008        0x4 MainAlg.o
 .bss           0x2000000c        0x0 Pressure_Controller.o
 .bss           0x2000000c        0x0 driver.o
 .bss           0x2000000c        0x0 Alarm_Monitor.o
                0x2000000c                _E_bss = .
                0x2000000c                . = ALIGN (0x4)
                0x2000100c                . = (. + 0x1000)
 *fill*         0x2000000c     0x1000 
                0x2000100c                _stack_top = .
 COMMON         0x2000100c        0x4 Pressure_Driver.o
                0x2000100c                Pressure_Driver
 COMMON         0x20001010        0x4 Alarm_Driver.o
                0x20001010                Alarm_Driver
 COMMON         0x20001014        0x4 MainAlg.o
                0x20001014                MainAlg
 COMMON         0x20001018        0x4 Alarm_Monitor.o
                0x20001018                Alarm_Monitor
LOAD startup.o
LOAD Pressure_Driver.o
LOAD main.o
LOAD Alarm_Driver.o
LOAD MainAlg.o
LOAD Pressure_Controller.o
LOAD driver.o
LOAD Alarm_Monitor.o
OUTPUT(Pressure_Controller_cortex_m3.elf elf32-littlearm)

.debug_info     0x00000000      0x814
 .debug_info    0x00000000      0x167 startup.o
 .debug_info    0x00000167      0x101 Pressure_Driver.o
 .debug_info    0x00000268       0xdc main.o
 .debug_info    0x00000344      0x189 Alarm_Driver.o
 .debug_info    0x000004cd      0x126 MainAlg.o
 .debug_info    0x000005f3      0x103 driver.o
 .debug_info    0x000006f6      0x11e Alarm_Monitor.o

.debug_abbrev   0x00000000      0x4c6
 .debug_abbrev  0x00000000       0xc0 startup.o
 .debug_abbrev  0x000000c0       0xb0 Pressure_Driver.o
 .debug_abbrev  0x00000170       0x7e main.o
 .debug_abbrev  0x000001ee       0xc8 Alarm_Driver.o
 .debug_abbrev  0x000002b6       0xc3 MainAlg.o
 .debug_abbrev  0x00000379       0x9d driver.o
 .debug_abbrev  0x00000416       0xb0 Alarm_Monitor.o

.debug_loc      0x00000000      0x42c
 .debug_loc     0x00000000       0x64 startup.o
 .debug_loc     0x00000064       0x64 Pressure_Driver.o
 .debug_loc     0x000000c8       0x58 main.o
 .debug_loc     0x00000120      0x138 Alarm_Driver.o
 .debug_loc     0x00000258       0x70 MainAlg.o
 .debug_loc     0x000002c8       0xc8 driver.o
 .debug_loc     0x00000390       0x9c Alarm_Monitor.o

.debug_aranges  0x00000000       0xe0
 .debug_aranges
                0x00000000       0x20 startup.o
 .debug_aranges
                0x00000020       0x20 Pressure_Driver.o
 .debug_aranges
                0x00000040       0x20 main.o
 .debug_aranges
                0x00000060       0x20 Alarm_Driver.o
 .debug_aranges
                0x00000080       0x20 MainAlg.o
 .debug_aranges
                0x000000a0       0x20 driver.o
 .debug_aranges
                0x000000c0       0x20 Alarm_Monitor.o

.debug_line     0x00000000      0x346
 .debug_line    0x00000000       0xb0 startup.o
 .debug_line    0x000000b0       0x5e Pressure_Driver.o
 .debug_line    0x0000010e       0x89 main.o
 .debug_line    0x00000197       0x68 Alarm_Driver.o
 .debug_line    0x000001ff       0x4e MainAlg.o
 .debug_line    0x0000024d        0x0 Pressure_Controller.o
 .debug_line    0x0000024d       0x9b driver.o
 .debug_line    0x000002e8       0x5e Alarm_Monitor.o

.debug_str      0x00000000      0x376
 .debug_str     0x00000000      0x135 startup.o
                                0x169 (size before relaxing)
 .debug_str     0x00000135       0x6f Pressure_Driver.o
                                0x150 (size before relaxing)
 .debug_str     0x000001a4       0x28 main.o
                                0x119 (size before relaxing)
 .debug_str     0x000001cc       0x95 Alarm_Driver.o
                                0x17c (size before relaxing)
 .debug_str     0x00000261       0x68 MainAlg.o
                                0x15f (size before relaxing)
 .debug_str     0x000002c9       0x4c driver.o
                                0x136 (size before relaxing)
 .debug_str     0x00000315       0x61 Alarm_Monitor.o
                                0x156 (size before relaxing)

.comment        0x00000000       0x11
 .comment       0x00000000       0x11 startup.o
                                 0x12 (size before relaxing)
 .comment       0x00000000       0x12 Pressure_Driver.o
 .comment       0x00000000       0x12 main.o
 .comment       0x00000000       0x12 Alarm_Driver.o
 .comment       0x00000000       0x12 MainAlg.o
 .comment       0x00000000       0x12 Pressure_Controller.o
 .comment       0x00000000       0x12 driver.o
 .comment       0x00000000       0x12 Alarm_Monitor.o

.ARM.attributes
                0x00000000       0x33
 .ARM.attributes
                0x00000000       0x33 startup.o
 .ARM.attributes
                0x00000033       0x33 Pressure_Driver.o
 .ARM.attributes
                0x00000066       0x33 main.o
 .ARM.attributes
                0x00000099       0x33 Alarm_Driver.o
 .ARM.attributes
                0x000000cc       0x33 MainAlg.o
 .ARM.attributes
                0x000000ff       0x33 Pressure_Controller.o
 .ARM.attributes
                0x00000132       0x33 driver.o
 .ARM.attributes
                0x00000165       0x33 Alarm_Monitor.o

.debug_frame    0x00000000      0x2d0
 .debug_frame   0x00000000       0x4c startup.o
 .debug_frame   0x0000004c       0x4c Pressure_Driver.o
 .debug_frame   0x00000098       0x48 main.o
 .debug_frame   0x000000e0       0xc4 Alarm_Driver.o
 .debug_frame   0x000001a4       0x4c MainAlg.o
 .debug_frame   0x000001f0       0x78 driver.o
 .debug_frame   0x00000268       0x68 Alarm_Monitor.o
