20:57:14 **** Incremental Build of configuration Debug for project Lesson_EXTI_Driver ****
make -j16 all 
arm-none-eabi-gcc -gdwarf-2 "../Stm32_F103C6_Drivers/GPIO/Stm32_F103C6_gpio_drivers.c" -mcpu=cortex-m3 -std=gnu11 -g3 -DSTM32 -DSTM32F1 -DSTM32F103C6Tx -DDEBUG -c -I../Inc -I"C:/Users/Younis/Desktop/Embedded-diploma-orig/Unit 7/Lesson 4/Lesson_EXTI_Driver/HAL/includes" -I"C:/Users/Younis/Desktop/Embedded-diploma-orig/Unit 7/Lesson 4/Lesson_EXTI_Driver/Stm32_F103C6_Drivers/inc" -O0 -ffunction-sections -fdata-sections -Wall -fstack-usage -MMD -MP -MF"Stm32_F103C6_Drivers/GPIO/Stm32_F103C6_gpio_drivers.d" -MT"Stm32_F103C6_Drivers/GPIO/Stm32_F103C6_gpio_drivers.o" --specs=nano.specs -mfloat-abi=soft -mthumb -o "Stm32_F103C6_Drivers/GPIO/Stm32_F103C6_gpio_drivers.o"
arm-none-eabi-gcc -gdwarf-2 "../Stm32_F103C6_Drivers/EXTI/Stm32_F103C6_EXTI_drivers.c" -mcpu=cortex-m3 -std=gnu11 -g3 -DSTM32 -DSTM32F1 -DSTM32F103C6Tx -DDEBUG -c -I../Inc -I"C:/Users/Younis/Desktop/Embedded-diploma-orig/Unit 7/Lesson 4/Lesson_EXTI_Driver/HAL/includes" -I"C:/Users/Younis/Desktop/Embedded-diploma-orig/Unit 7/Lesson 4/Lesson_EXTI_Driver/Stm32_F103C6_Drivers/inc" -O0 -ffunction-sections -fdata-sections -Wall -fstack-usage -MMD -MP -MF"Stm32_F103C6_Drivers/EXTI/Stm32_F103C6_EXTI_drivers.d" -MT"Stm32_F103C6_Drivers/EXTI/Stm32_F103C6_EXTI_drivers.o" --specs=nano.specs -mfloat-abi=soft -mthumb -o "Stm32_F103C6_Drivers/EXTI/Stm32_F103C6_EXTI_drivers.o"
arm-none-eabi-gcc -gdwarf-2 "../Src/main.c" -mcpu=cortex-m3 -std=gnu11 -g3 -DSTM32 -DSTM32F1 -DSTM32F103C6Tx -DDEBUG -c -I../Inc -I"C:/Users/Younis/Desktop/Embedded-diploma-orig/Unit 7/Lesson 4/Lesson_EXTI_Driver/HAL/includes" -I"C:/Users/Younis/Desktop/Embedded-diploma-orig/Unit 7/Lesson 4/Lesson_EXTI_Driver/Stm32_F103C6_Drivers/inc" -O0 -ffunction-sections -fdata-sections -Wall -fstack-usage -MMD -MP -MF"Src/main.d" -MT"Src/main.o" --specs=nano.specs -mfloat-abi=soft -mthumb -o "Src/main.o"
arm-none-eabi-gcc -gdwarf-2 "../Src/syscalls.c" -mcpu=cortex-m3 -std=gnu11 -g3 -DSTM32 -DSTM32F1 -DSTM32F103C6Tx -DDEBUG -c -I../Inc -I"C:/Users/Younis/Desktop/Embedded-diploma-orig/Unit 7/Lesson 4/Lesson_EXTI_Driver/HAL/includes" -I"C:/Users/Younis/Desktop/Embedded-diploma-orig/Unit 7/Lesson 4/Lesson_EXTI_Driver/Stm32_F103C6_Drivers/inc" -O0 -ffunction-sections -fdata-sections -Wall -fstack-usage -MMD -MP -MF"Src/syscalls.d" -MT"Src/syscalls.o" --specs=nano.specs -mfloat-abi=soft -mthumb -o "Src/syscalls.o"
arm-none-eabi-gcc -gdwarf-2 "../Src/sysmem.c" -mcpu=cortex-m3 -std=gnu11 -g3 -DSTM32 -DSTM32F1 -DSTM32F103C6Tx -DDEBUG -c -I../Inc -I"C:/Users/Younis/Desktop/Embedded-diploma-orig/Unit 7/Lesson 4/Lesson_EXTI_Driver/HAL/includes" -I"C:/Users/Younis/Desktop/Embedded-diploma-orig/Unit 7/Lesson 4/Lesson_EXTI_Driver/Stm32_F103C6_Drivers/inc" -O0 -ffunction-sections -fdata-sections -Wall -fstack-usage -MMD -MP -MF"Src/sysmem.d" -MT"Src/sysmem.o" --specs=nano.specs -mfloat-abi=soft -mthumb -o "Src/sysmem.o"
arm-none-eabi-gcc -gdwarf-2 "../HAL/Keypad.c" -mcpu=cortex-m3 -std=gnu11 -g3 -DSTM32 -DSTM32F1 -DSTM32F103C6Tx -DDEBUG -c -I../Inc -I"C:/Users/Younis/Desktop/Embedded-diploma-orig/Unit 7/Lesson 4/Lesson_EXTI_Driver/HAL/includes" -I"C:/Users/Younis/Desktop/Embedded-diploma-orig/Unit 7/Lesson 4/Lesson_EXTI_Driver/Stm32_F103C6_Drivers/inc" -O0 -ffunction-sections -fdata-sections -Wall -fstack-usage -MMD -MP -MF"HAL/Keypad.d" -MT"HAL/Keypad.o" --specs=nano.specs -mfloat-abi=soft -mthumb -o "HAL/Keypad.o"
arm-none-eabi-gcc -gdwarf-2 "../HAL/LCD.c" -mcpu=cortex-m3 -std=gnu11 -g3 -DSTM32 -DSTM32F1 -DSTM32F103C6Tx -DDEBUG -c -I../Inc -I"C:/Users/Younis/Desktop/Embedded-diploma-orig/Unit 7/Lesson 4/Lesson_EXTI_Driver/HAL/includes" -I"C:/Users/Younis/Desktop/Embedded-diploma-orig/Unit 7/Lesson 4/Lesson_EXTI_Driver/Stm32_F103C6_Drivers/inc" -O0 -ffunction-sections -fdata-sections -Wall -fstack-usage -MMD -MP -MF"HAL/LCD.d" -MT"HAL/LCD.o" --specs=nano.specs -mfloat-abi=soft -mthumb -o "HAL/LCD.o"
In file included from ../Stm32_F103C6_Drivers/EXTI/Stm32_F103C6_EXTI_drivers.c:11:0:
C:/Users/Younis/Desktop/Embedded-diploma-orig/Unit 7/Lesson 4/Lesson_EXTI_Driver/Stm32_F103C6_Drivers/inc/Stm32_F103C6_EXTI_drivers.h:77:1: warning: multi-line comment [-Wcomment]
 ///////////////@ref EXTI_define\\\\\\\\\\\\\\\\
 ^
C:/Users/Younis/Desktop/Embedded-diploma-orig/Unit 7/Lesson 4/Lesson_EXTI_Driver/Stm32_F103C6_Drivers/inc/Stm32_F103C6_EXTI_drivers.h:190:1: warning: multi-line comment [-Wcomment]
 ///////////////@ref EXTI_Trigger_define\\\\\\\\\\\\\\\\
 ^
C:/Users/Younis/Desktop/Embedded-diploma-orig/Unit 7/Lesson 4/Lesson_EXTI_Driver/Stm32_F103C6_Drivers/inc/Stm32_F103C6_EXTI_drivers.h:198:1: warning: multi-line comment [-Wcomment]
 ///////////////@ref EXTI_IRQ_define\\\\\\\\\\\\\\\\
 ^
../HAL/LCD.c: In function 'LCD_En_Kick':
../HAL/LCD.c:33:2: warning: implicit declaration of function 'my_wait' [-Wimplicit-function-declaration]
  my_wait(50);// using Enable Cycle time in Bus timing characteristics in data sheet
  ^~~~~~~
In file included from ../Src/main.c:30:0:
C:/Users/Younis/Desktop/Embedded-diploma-orig/Unit 7/Lesson 4/Lesson_EXTI_Driver/Stm32_F103C6_Drivers/inc/Stm32_F103C6_EXTI_drivers.h:77:1: warning: multi-line comment [-Wcomment]
 ///////////////@ref EXTI_define\\\\\\\\\\\\\\\\
 ^
C:/Users/Younis/Desktop/Embedded-diploma-orig/Unit 7/Lesson 4/Lesson_EXTI_Driver/Stm32_F103C6_Drivers/inc/Stm32_F103C6_EXTI_drivers.h:190:1: warning: multi-line comment [-Wcomment]
 ///////////////@ref EXTI_Trigger_define\\\\\\\\\\\\\\\\
 ^
C:/Users/Younis/Desktop/Embedded-diploma-orig/Unit 7/Lesson 4/Lesson_EXTI_Driver/Stm32_F103C6_Drivers/inc/Stm32_F103C6_EXTI_drivers.h:198:1: warning: multi-line comment [-Wcomment]
 ///////////////@ref EXTI_IRQ_define\\\\\\\\\\\\\\\\
 ^
arm-none-eabi-gcc -o "Lesson_EXTI_Driver.elf" @"objects.list"   -mcpu=cortex-m3 -T"C:\Users\Younis\Desktop\Embedded-diploma-orig\Unit 7\Lesson 4\Lesson_EXTI_Driver\STM32F103C6TX_FLASH.ld" --specs=nosys.specs -Wl,-Map="Lesson_EXTI_Driver.map" -Wl,--gc-sections -static --specs=nano.specs -mfloat-abi=soft -mthumb -Wl,--start-group -lc -lm -Wl,--end-group
Finished building target: Lesson_EXTI_Driver.elf
 
arm-none-eabi-objdump -h -S  Lesson_EXTI_Driver.elf  > "Lesson_EXTI_Driver.list"
arm-none-eabi-objcopy  -O binary  Lesson_EXTI_Driver.elf  "Lesson_EXTI_Driver.bin"
arm-none-eabi-size   Lesson_EXTI_Driver.elf 
   text	   data	    bss	    dec	    hex	filename
   3384	     24	   1632	   5040	   13b0	Lesson_EXTI_Driver.elf
Finished building: default.size.stdout
 
Finished building: Lesson_EXTI_Driver.bin
Finished building: Lesson_EXTI_Driver.list
 
 

20:57:15 Build Finished. 0 errors, 7 warnings. (took 1s.551ms)

