Archive member included to satisfy reference by file (symbol)

C:/ST/STM32CubeIDE_1.4.0/STM32CubeIDE/plugins/com.st.stm32cube.ide.mcu.externaltools.gnu-tools-for-stm32.12.3.rel1.win32_1.0.200.202406191623/tools/bin/../lib/gcc/arm-none-eabi/12.3.1/../../../../arm-none-eabi/lib/thumb/v7-m/nofp\libc_nano.a(libc_a-exit.o)
                              C:/ST/STM32CubeIDE_1.4.0/STM32CubeIDE/plugins/com.st.stm32cube.ide.mcu.externaltools.gnu-tools-for-stm32.12.3.rel1.win32_1.0.200.202406191623/tools/bin/../lib/gcc/arm-none-eabi/12.3.1/../../../../arm-none-eabi/lib/thumb/v7-m/nofp/crt0.o (exit)
C:/ST/STM32CubeIDE_1.4.0/STM32CubeIDE/plugins/com.st.stm32cube.ide.mcu.externaltools.gnu-tools-for-stm32.12.3.rel1.win32_1.0.200.202406191623/tools/bin/../lib/gcc/arm-none-eabi/12.3.1/../../../../arm-none-eabi/lib/thumb/v7-m/nofp\libc_nano.a(libc_a-findfp.o)
                              C:/ST/STM32CubeIDE_1.4.0/STM32CubeIDE/plugins/com.st.stm32cube.ide.mcu.externaltools.gnu-tools-for-stm32.12.3.rel1.win32_1.0.200.202406191623/tools/bin/../lib/gcc/arm-none-eabi/12.3.1/../../../../arm-none-eabi/lib/thumb/v7-m/nofp\libc_nano.a(libc_a-exit.o) (__stdio_exit_handler)
C:/ST/STM32CubeIDE_1.4.0/STM32CubeIDE/plugins/com.st.stm32cube.ide.mcu.externaltools.gnu-tools-for-stm32.12.3.rel1.win32_1.0.200.202406191623/tools/bin/../lib/gcc/arm-none-eabi/12.3.1/../../../../arm-none-eabi/lib/thumb/v7-m/nofp\libc_nano.a(libc_a-fwalk.o)
                              C:/ST/STM32CubeIDE_1.4.0/STM32CubeIDE/plugins/com.st.stm32cube.ide.mcu.externaltools.gnu-tools-for-stm32.12.3.rel1.win32_1.0.200.202406191623/tools/bin/../lib/gcc/arm-none-eabi/12.3.1/../../../../arm-none-eabi/lib/thumb/v7-m/nofp\libc_nano.a(libc_a-findfp.o) (_fwalk_sglue)
C:/ST/STM32CubeIDE_1.4.0/STM32CubeIDE/plugins/com.st.stm32cube.ide.mcu.externaltools.gnu-tools-for-stm32.12.3.rel1.win32_1.0.200.202406191623/tools/bin/../lib/gcc/arm-none-eabi/12.3.1/../../../../arm-none-eabi/lib/thumb/v7-m/nofp\libc_nano.a(libc_a-stdio.o)
                              C:/ST/STM32CubeIDE_1.4.0/STM32CubeIDE/plugins/com.st.stm32cube.ide.mcu.externaltools.gnu-tools-for-stm32.12.3.rel1.win32_1.0.200.202406191623/tools/bin/../lib/gcc/arm-none-eabi/12.3.1/../../../../arm-none-eabi/lib/thumb/v7-m/nofp\libc_nano.a(libc_a-findfp.o) (__sread)
C:/ST/STM32CubeIDE_1.4.0/STM32CubeIDE/plugins/com.st.stm32cube.ide.mcu.externaltools.gnu-tools-for-stm32.12.3.rel1.win32_1.0.200.202406191623/tools/bin/../lib/gcc/arm-none-eabi/12.3.1/../../../../arm-none-eabi/lib/thumb/v7-m/nofp\libc_nano.a(libc_a-memset.o)
                              C:/ST/STM32CubeIDE_1.4.0/STM32CubeIDE/plugins/com.st.stm32cube.ide.mcu.externaltools.gnu-tools-for-stm32.12.3.rel1.win32_1.0.200.202406191623/tools/bin/../lib/gcc/arm-none-eabi/12.3.1/../../../../arm-none-eabi/lib/thumb/v7-m/nofp/crt0.o (memset)
C:/ST/STM32CubeIDE_1.4.0/STM32CubeIDE/plugins/com.st.stm32cube.ide.mcu.externaltools.gnu-tools-for-stm32.12.3.rel1.win32_1.0.200.202406191623/tools/bin/../lib/gcc/arm-none-eabi/12.3.1/../../../../arm-none-eabi/lib/thumb/v7-m/nofp\libc_nano.a(libc_a-closer.o)
                              C:/ST/STM32CubeIDE_1.4.0/STM32CubeIDE/plugins/com.st.stm32cube.ide.mcu.externaltools.gnu-tools-for-stm32.12.3.rel1.win32_1.0.200.202406191623/tools/bin/../lib/gcc/arm-none-eabi/12.3.1/../../../../arm-none-eabi/lib/thumb/v7-m/nofp\libc_nano.a(libc_a-stdio.o) (_close_r)
C:/ST/STM32CubeIDE_1.4.0/STM32CubeIDE/plugins/com.st.stm32cube.ide.mcu.externaltools.gnu-tools-for-stm32.12.3.rel1.win32_1.0.200.202406191623/tools/bin/../lib/gcc/arm-none-eabi/12.3.1/../../../../arm-none-eabi/lib/thumb/v7-m/nofp\libc_nano.a(libc_a-reent.o)
                              C:/ST/STM32CubeIDE_1.4.0/STM32CubeIDE/plugins/com.st.stm32cube.ide.mcu.externaltools.gnu-tools-for-stm32.12.3.rel1.win32_1.0.200.202406191623/tools/bin/../lib/gcc/arm-none-eabi/12.3.1/../../../../arm-none-eabi/lib/thumb/v7-m/nofp\libc_nano.a(libc_a-closer.o) (errno)
C:/ST/STM32CubeIDE_1.4.0/STM32CubeIDE/plugins/com.st.stm32cube.ide.mcu.externaltools.gnu-tools-for-stm32.12.3.rel1.win32_1.0.200.202406191623/tools/bin/../lib/gcc/arm-none-eabi/12.3.1/../../../../arm-none-eabi/lib/thumb/v7-m/nofp\libc_nano.a(libc_a-impure.o)
                              C:/ST/STM32CubeIDE_1.4.0/STM32CubeIDE/plugins/com.st.stm32cube.ide.mcu.externaltools.gnu-tools-for-stm32.12.3.rel1.win32_1.0.200.202406191623/tools/bin/../lib/gcc/arm-none-eabi/12.3.1/../../../../arm-none-eabi/lib/thumb/v7-m/nofp\libc_nano.a(libc_a-reent.o) (_impure_ptr)
C:/ST/STM32CubeIDE_1.4.0/STM32CubeIDE/plugins/com.st.stm32cube.ide.mcu.externaltools.gnu-tools-for-stm32.12.3.rel1.win32_1.0.200.202406191623/tools/bin/../lib/gcc/arm-none-eabi/12.3.1/../../../../arm-none-eabi/lib/thumb/v7-m/nofp\libc_nano.a(libc_a-lseekr.o)
[...]
Memory Configuration

Name             Origin             Length             Attributes
RAM              0x20000000         0x00002800         xrw
ROM              0x08000000         0x00008000         xr
*default*        0x00000000         0xffffffff

Linker script and memory map

LOAD C:/ST/STM32CubeIDE_1.4.0/STM32CubeIDE/plugins/com.st.stm32cube.ide.mcu.externaltools.gnu-tools-for-stm32.12.3.rel1.win32_1.0.200.202406191623/tools/bin/../lib/gcc/arm-none-eabi/12.3.1/thumb/v7-m/nofp/crti.o
LOAD C:/ST/STM32CubeIDE_1.4.0/STM32CubeIDE/plugins/com.st.stm32cube.ide.mcu.externaltools.gnu-tools-for-stm32.12.3.rel1.win32_1.0.200.202406191623/tools/bin/../lib/gcc/arm-none-eabi/12.3.1/thumb/v7-m/nofp/crtbegin.o
LOAD C:/ST/STM32CubeIDE_1.4.0/STM32CubeIDE/plugins/com.st.stm32cube.ide.mcu.externaltools.gnu-tools-for-stm32.12.3.rel1.win32_1.0.200.202406191623/tools/bin/../lib/gcc/arm-none-eabi/12.3.1/../../../../arm-none-eabi/lib/thumb/v7-m/nofp/crt0.o
LOAD ./HAL/Keypad.o
LOAD ./HAL/LCD.o
LOAD ./Src/main.o
LOAD ./Src/syscalls.o
LOAD ./Src/sysmem.o
LOAD ./Startup/startup_stm32f103c6tx.o
START GROUP
LOAD C:/ST/STM32CubeIDE_1.4.0/STM32CubeIDE/plugins/com.st.stm32cube.ide.mcu.externaltools.gnu-tools-for-stm32.12.3.rel1.win32_1.0.200.202406191623/tools/bin/../lib/gcc/arm-none-eabi/12.3.1/../../../../arm-none-eabi/lib/thumb/v7-m/nofp\libc_nano.a
LOAD C:/ST/STM32CubeIDE_1.4.0/STM32CubeIDE/plugins/com.st.stm32cube.ide.mcu.externaltools.gnu-tools-for-stm32.12.3.rel1.win32_1.0.200.202406191623/tools/bin/../lib/gcc/arm-none-eabi/12.3.1/../../../../arm-none-eabi/lib/thumb/v7-m/nofp\libm.a
END GROUP
START GROUP
LOAD C:/ST/STM32CubeIDE_1.4.0/STM32CubeIDE/plugins/com.st.stm32cube.ide.mcu.externaltools.gnu-tools-for-stm32.12.3.rel1.win32_1.0.200.202406191623/tools/bin/../lib/gcc/arm-none-eabi/12.3.1/thumb/v7-m/nofp\libgcc.a
LOAD C:/ST/STM32CubeIDE_1.4.0/STM32CubeIDE/plugins/com.st.stm32cube.ide.mcu.externaltools.gnu-tools-for-stm32.12.3.rel1.win32_1.0.200.202406191623/tools/bin/../lib/gcc/arm-none-eabi/12.3.1/../../../../arm-none-eabi/lib/thumb/v7-m/nofp\libc_nano.a
END GROUP
START GROUP
LOAD C:/ST/STM32CubeIDE_1.4.0/STM32CubeIDE/plugins/com.st.stm32cube.ide.mcu.externaltools.gnu-tools-for-stm32.12.3.rel1.win32_1.0.200.202406191623/tools/bin/../lib/gcc/arm-none-eabi/12.3.1/thumb/v7-m/nofp\libgcc.a
LOAD C:/ST/STM32CubeIDE_1.4.0/STM32CubeIDE/plugins/com.st.stm32cube.ide.mcu.externaltools.gnu-tools-for-stm32.12.3.rel1.win32_1.0.200.202406191623/tools/bin/../lib/gcc/arm-none-eabi/12.3.1/../../../../arm-none-eabi/lib/thumb/v7-m/nofp\libc_nano.a
LOAD C:/ST/STM32CubeIDE_1.4.0/STM32CubeIDE/plugins/com.st.stm32cube.ide.mcu.externaltools.gnu-tools-for-stm32.12.3.rel1.win32_1.0.200.202406191623/tools/bin/../lib/gcc/arm-none-eabi/12.3.1/../../../../arm-none-eabi/lib/thumb/v7-m/nofp\libnosys.a
END GROUP
START GROUP
LOAD C:/ST/STM32CubeIDE_1.4.0/STM32CubeIDE/plugins/com.st.stm32cube.ide.mcu.externaltools.gnu-tools-for-stm32.12.3.rel1.win32_1.0.200.202406191623/tools/bin/../lib/gcc/arm-none-eabi/12.3.1/thumb/v7-m/nofp\libgcc.a
LOAD C:/ST/STM32CubeIDE_1.4.0/STM32CubeIDE/plugins/com.st.stm32cube.ide.mcu.externaltools.gnu-tools-for-stm32.12.3.rel1.win32_1.0.200.202406191623/tools/bin/../lib/gcc/arm-none-eabi/12.3.1/../../../../arm-none-eabi/lib/thumb/v7-m/nofp\libc_nano.a
LOAD C:/ST/STM32CubeIDE_1.4.0/STM32CubeIDE/plugins/com.st.stm32cube.ide.mcu.externaltools.gnu-tools-for-stm32.12.3.rel1.win32_1.0.200.202406191623/tools/bin/../lib/gcc/arm-none-eabi/12.3.1/../../../../arm-none-eabi/lib/thumb/v7-m/nofp\libnosys.a
END GROUP
LOAD C:/ST/STM32CubeIDE_1.4.0/STM32CubeIDE/plugins/com.st.stm32cube.ide.mcu.externaltools.gnu-tools-for-stm32.12.3.rel1.win32_1.0.200.202406191623/tools/bin/../lib/gcc/arm-none-eabi/12.3.1/thumb/v7-m/nofp/crtend.o
LOAD C:/ST/STM32CubeIDE_1.4.0/STM32CubeIDE/plugins/com.st.stm32cube.ide.mcu.externaltools.gnu-tools-for-stm32.12.3.rel1.win32_1.0.200.202406191623/tools/bin/../lib/gcc/arm-none-eabi/12.3.1/thumb/v7-m/nofp/crtn.o
                0x20002800                        _estack = (ORIGIN (RAM) + LENGTH (RAM))
                0x00000200                        _Min_Heap_Size = 0x200
                0x00000400                        _Min_Stack_Size = 0x400

.isr_vector     0x08000000      0x130
                0x08000000                        . = ALIGN (0x4)
 *(.isr_vector)
 .isr_vector    0x08000000      0x130 ./Startup/startup_stm32f103c6tx.o
                0x08000000                g_pfnVectors
                0x08000130                        . = ALIGN (0x4)

.text           0x08000130      0x110
                0x08000130                        . = ALIGN (0x4)
 *(.text)
 .text          0x08000130       0x40 C:/ST/STM32CubeIDE_1.4.0/STM32CubeIDE/plugins/com.st.stm32cube.ide.mcu.externaltools.gnu-tools-for-stm32.12.3.rel1.win32_1.0.200.202406191623/tools/bin/../lib/gcc/arm-none-eabi/12.3.1/thumb/v7-m/nofp/crtbegin.o
 *(.text*)
 .text.main     0x08000170       0x1c ./Src/main.o
                0x08000170                main
 .text.Reset_Handler
                0x0800018c       0x50 ./Startup/startup_stm32f103c6tx.o
                0x0800018c                Reset_Handler
 .text.Default_Handler
                0x080001dc        0x2 ./Startup/startup_stm32f103c6tx.o
                0x080001dc                EXTI2_IRQHandler
                0x080001dc                TIM8_TRG_COM_IRQHandler
                0x080001dc                TIM8_CC_IRQHandler
                0x080001dc                DebugMon_Handler
                0x080001dc                TIM1_CC_IRQHandler
                0x080001dc                HardFault_Handler
                0x080001dc                TIM6_IRQHandler
                0x080001dc                SysTick_Handler
                0x080001dc                PVD_IRQHandler
                0x080001dc                SDIO_IRQHandler
                0x080001dc                PendSV_Handler
                0x080001dc                NMI_Handler
                0x080001dc                EXTI3_IRQHandler
                0x080001dc                USB_HP_CAN_TX_IRQHandler
                0x080001dc                EXTI0_IRQHandler
                0x080001dc                I2C2_EV_IRQHandler
                0x080001dc                UsageFault_Handler
                0x080001dc                ADC1_2_IRQHandler
                0x080001dc                SPI1_IRQHandler
                0x080001dc                CAN_SCE_IRQHandler
                0x080001dc                TAMPER_IRQHandler
                0x080001dc                TIM8_UP_IRQHandler
                0x080001dc                DMA2_Channel2_IRQHandler
                0x080001dc                DMA1_Channel4_IRQHandler
                0x080001dc                USART3_IRQHandler
                0x080001dc                RTC_IRQHandler
                0x080001dc                DMA1_Channel7_IRQHandler
                0x080001dc                UART5_IRQHandler
                0x080001dc                ADC3_IRQHandler
                0x080001dc                TIM4_IRQHandler
                0x080001dc                CAN_RX1_IRQHandler
                0x080001dc                DMA2_Channel1_IRQHandler
                0x080001dc                I2C1_EV_IRQHandler
                0x080001dc                DMA1_Channel6_IRQHandler
                0x080001dc                UART4_IRQHandler
                0x080001dc                TIM3_IRQHandler
                0x080001dc                RCC_IRQHandler
                0x080001dc                TIM1_TRG_COM_IRQHandler
                0x080001dc                DMA1_Channel1_IRQHandler
                0x080001dc                Default_Handler
                0x080001dc                EXTI15_10_IRQHandler
                0x080001dc                TIM7_IRQHandler
                0x080001dc                TIM5_IRQHandler
                0x080001dc                EXTI9_5_IRQHandler
                0x080001dc                SPI2_IRQHandler
                0x080001dc                USB_LP_CAN_RX0_IRQHandler
                0x080001dc                MemManage_Handler
                0x080001dc                SVC_Handler
                0x080001dc                DMA1_Channel5_IRQHandler
                0x080001dc                EXTI4_IRQHandler
                0x080001dc                DMA1_Channel3_IRQHandler
                0x080001dc                FSMC_IRQHandler
                0x080001dc                TIM1_UP_IRQHandler
                0x080001dc                WWDG_IRQHandler
                0x080001dc                TIM2_IRQHandler
                0x080001dc                TIM1_BRK_IRQHandler
                0x080001dc                EXTI1_IRQHandler
                0x080001dc                RTCAlarm_IRQHandler
                0x080001dc                DMA2_Channel4_5_IRQHandler
                0x080001dc                USART2_IRQHandler
                0x080001dc                I2C2_ER_IRQHandler
                0x080001dc                DMA1_Channel2_IRQHandler
                0x080001dc                TIM8_BRK_IRQHandler
                0x080001dc                FLASH_IRQHandler
                0x080001dc                BusFault_Handler
                0x080001dc                USART1_IRQHandler
                0x080001dc                SPI3_IRQHandler
                0x080001dc                I2C1_ER_IRQHandler
                0x080001dc                DMA2_Channel3_IRQHandler
 *fill*         0x080001de        0x2 
 .text.__libc_init_array
                0x080001e0       0x48 C:/ST/STM32CubeIDE_1.4.0/STM32CubeIDE/plugins/com.st.stm32cube.ide.mcu.externaltools.gnu-tools-for-stm32.12.3.rel1.win32_1.0.200.202406191623/tools/bin/../lib/gcc/arm-none-eabi/12.3.1/../../../../arm-none-eabi/lib/thumb/v7-m/nofp\libc_nano.a(libc_a-init.o)
                0x080001e0                __libc_init_array
 *(.glue_7)
 .glue_7        0x08000228        0x0 linker stubs
 *(.glue_7t)
 .glue_7t       0x08000228        0x0 linker stubs
 *(.eh_frame)
 .eh_frame      0x08000228        0x0 C:/ST/STM32CubeIDE_1.4.0/STM32CubeIDE/plugins/com.st.stm32cube.ide.mcu.externaltools.gnu-tools-for-stm32.12.3.rel1.win32_1.0.200.202406191623/tools/bin/../lib/gcc/arm-none-eabi/12.3.1/thumb/v7-m/nofp/crtbegin.o
 *(.init)
 .init          0x08000228        0x4 C:/ST/STM32CubeIDE_1.4.0/STM32CubeIDE/plugins/com.st.stm32cube.ide.mcu.externaltools.gnu-tools-for-stm32.12.3.rel1.win32_1.0.200.202406191623/tools/bin/../lib/gcc/arm-none-eabi/12.3.1/thumb/v7-m/nofp/crti.o
                0x08000228                _init
 .init          0x0800022c        0x8 C:/ST/STM32CubeIDE_1.4.0/STM32CubeIDE/plugins/com.st.stm32cube.ide.mcu.externaltools.gnu-tools-for-stm32.12.3.rel1.win32_1.0.200.202406191623/tools/bin/../lib/gcc/arm-none-eabi/12.3.1/thumb/v7-m/nofp/crtn.o
 *(.fini)
 .fini          0x08000234        0x4 C:/ST/STM32CubeIDE_1.4.0/STM32CubeIDE/plugins/com.st.stm32cube.ide.mcu.externaltools.gnu-tools-for-stm32.12.3.rel1.win32_1.0.200.202406191623/tools/bin/../lib/gcc/arm-none-eabi/12.3.1/thumb/v7-m/nofp/crti.o
                0x08000234                _fini
 .fini          0x08000238        0x8 C:/ST/STM32CubeIDE_1.4.0/STM32CubeIDE/plugins/com.st.stm32cube.ide.mcu.externaltools.gnu-tools-for-stm32.12.3.rel1.win32_1.0.200.202406191623/tools/bin/../lib/gcc/arm-none-eabi/12.3.1/thumb/v7-m/nofp/crtn.o
                0x08000240                        . = ALIGN (0x4)
                0x08000240                        _etext = .

.vfp11_veneer   0x08000240        0x0
 .vfp11_veneer  0x08000240        0x0 linker stubs

.v4_bx          0x08000240        0x0
 .v4_bx         0x08000240        0x0 linker stubs

.iplt           0x08000240        0x0
 .iplt          0x08000240        0x0 C:/ST/STM32CubeIDE_1.4.0/STM32CubeIDE/plugins/com.st.stm32cube.ide.mcu.externaltools.gnu-tools-for-stm32.12.3.rel1.win32_1.0.200.202406191623/tools/bin/../lib/gcc/arm-none-eabi/12.3.1/thumb/v7-m/nofp/crtbegin.o

.rodata         0x08000240        0xc
                0x08000240                        . = ALIGN (0x4)
 *(.rodata)
 .rodata        0x08000240        0xc ./Src/main.o
 *(.rodata*)
                0x0800024c                        . = ALIGN (0x4)

.rel.dyn        0x0800024c        0x0
 .rel.iplt      0x0800024c        0x0 C:/ST/STM32CubeIDE_1.4.0/STM32CubeIDE/plugins/com.st.stm32cube.ide.mcu.externaltools.gnu-tools-for-stm32.12.3.rel1.win32_1.0.200.202406191623/tools/bin/../lib/gcc/arm-none-eabi/12.3.1/thumb/v7-m/nofp/crtbegin.o

.ARM.extab      0x0800024c        0x0
                0x0800024c                        . = ALIGN (0x4)
 *(.ARM.extab* .gnu.linkonce.armextab.*)
                0x0800024c                        . = ALIGN (0x4)

.ARM            0x0800024c        0x0
                0x0800024c                        . = ALIGN (0x4)
                0x0800024c                        __exidx_start = .
 *(.ARM.exidx*)
                0x0800024c                        __exidx_end = .
                0x0800024c                        . = ALIGN (0x4)

.preinit_array  0x0800024c        0x0
                0x0800024c                        . = ALIGN (0x4)
                0x0800024c                        PROVIDE (__preinit_array_start = .)
 *(.preinit_array*)
                0x0800024c                        PROVIDE (__preinit_array_end = .)
                0x0800024c                        . = ALIGN (0x4)

.init_array     0x0800024c        0x4
                0x0800024c                        . = ALIGN (0x4)
                0x0800024c                        PROVIDE (__init_array_start = .)
 *(SORT_BY_NAME(.init_array.*))
 *(.init_array*)
 .init_array    0x0800024c        0x4 C:/ST/STM32CubeIDE_1.4.0/STM32CubeIDE/plugins/com.st.stm32cube.ide.mcu.externaltools.gnu-tools-for-stm32.12.3.rel1.win32_1.0.200.202406191623/tools/bin/../lib/gcc/arm-none-eabi/12.3.1/thumb/v7-m/nofp/crtbegin.o
                0x08000250                        PROVIDE (__init_array_end = .)
                0x08000250                        . = ALIGN (0x4)

.fini_array     0x08000250        0x4
                0x08000250                        . = ALIGN (0x4)
                [!provide]                        PROVIDE (__fini_array_start = .)
 *(SORT_BY_NAME(.fini_array.*))
 *(.fini_array*)
 .fini_array    0x08000250        0x4 C:/ST/STM32CubeIDE_1.4.0/STM32CubeIDE/plugins/com.st.stm32cube.ide.mcu.externaltools.gnu-tools-for-stm32.12.3.rel1.win32_1.0.200.202406191623/tools/bin/../lib/gcc/arm-none-eabi/12.3.1/thumb/v7-m/nofp/crtbegin.o
                [!provide]                        PROVIDE (__fini_array_end = .)
                0x08000254                        . = ALIGN (0x4)
                0x08000254                        _sidata = LOADADDR (.data)

.data           0x20000000        0x0 load address 0x08000254
                0x20000000                        . = ALIGN (0x4)
                0x20000000                        _sdata = .
 *(.data)
 *(.data*)
                0x20000000                        . = ALIGN (0x4)
                0x20000000                        _edata = .

.igot.plt       0x20000000        0x0 load address 0x08000254
 .igot.plt      0x20000000        0x0 C:/ST/STM32CubeIDE_1.4.0/STM32CubeIDE/plugins/com.st.stm32cube.ide.mcu.externaltools.gnu-tools-for-stm32.12.3.rel1.win32_1.0.200.202406191623/tools/bin/../lib/gcc/arm-none-eabi/12.3.1/thumb/v7-m/nofp/crtbegin.o
                0x20000000                        . = ALIGN (0x4)

.bss            0x20000000       0x1c load address 0x08000254
                0x20000000                        _sbss = .
                0x20000000                        __bss_start__ = _sbss
 *(.bss)
 .bss           0x20000000       0x1c C:/ST/STM32CubeIDE_1.4.0/STM32CubeIDE/plugins/com.st.stm32cube.ide.mcu.externaltools.gnu-tools-for-stm32.12.3.rel1.win32_1.0.200.202406191623/tools/bin/../lib/gcc/arm-none-eabi/12.3.1/thumb/v7-m/nofp/crtbegin.o
 *(.bss*)
 *(COMMON)
                0x2000001c                        . = ALIGN (0x4)
                0x2000001c                        _ebss = .
                0x2000001c                        __bss_end__ = _ebss

._user_heap_stack
                0x2000001c      0x604 load address 0x08000254
                0x20000020                        . = ALIGN (0x8)
 *fill*         0x2000001c        0x4 
                [!provide]                        PROVIDE (end = .)
                0x20000020                        PROVIDE (_end = .)
                0x20000220                        . = (. + _Min_Heap_Size)
 *fill*         0x20000020      0x200 
                0x20000620                        . = (. + _Min_Stack_Size)
 *fill*         0x20000220      0x400 
                0x20000620                        . = ALIGN (0x8)

/DISCARD/
 libc.a(*)
 libm.a(*)
 libgcc.a(*)

.ARM.attributes
                0x00000000       0x29
 *(.ARM.attributes)
 .ARM.attributes
                0x00000000       0x1d C:/ST/STM32CubeIDE_1.4.0/STM32CubeIDE/plugins/com.st.stm32cube.ide.mcu.externaltools.gnu-tools-for-stm32.12.3.rel1.win32_1.0.200.202406191623/tools/bin/../lib/gcc/arm-none-eabi/12.3.1/thumb/v7-m/nofp/crti.o
 .ARM.attributes
                0x0000001d       0x2d C:/ST/STM32CubeIDE_1.4.0/STM32CubeIDE/plugins/com.st.stm32cube.ide.mcu.externaltools.gnu-tools-for-stm32.12.3.rel1.win32_1.0.200.202406191623/tools/bin/../lib/gcc/arm-none-eabi/12.3.1/thumb/v7-m/nofp/crtbegin.o
 .ARM.attributes
                0x0000004a       0x2d ./Src/main.o
 .ARM.attributes
                0x00000077       0x21 ./Startup/startup_stm32f103c6tx.o
 .ARM.attributes
                0x00000098       0x2d C:/ST/STM32CubeIDE_1.4.0/STM32CubeIDE/plugins/com.st.stm32cube.ide.mcu.externaltools.gnu-tools-for-stm32.12.3.rel1.win32_1.0.200.202406191623/tools/bin/../lib/gcc/arm-none-eabi/12.3.1/../../../../arm-none-eabi/lib/thumb/v7-m/nofp\libc_nano.a(libc_a-init.o)
 .ARM.attributes
                0x000000c5       0x1d C:/ST/STM32CubeIDE_1.4.0/STM32CubeIDE/plugins/com.st.stm32cube.ide.mcu.externaltools.gnu-tools-for-stm32.12.3.rel1.win32_1.0.200.202406191623/tools/bin/../lib/gcc/arm-none-eabi/12.3.1/thumb/v7-m/nofp/crtn.o
OUTPUT(Lesson4_Drivers.elf elf32-littlearm)
LOAD linker stubs
LOAD C:/ST/STM32CubeIDE_1.4.0/STM32CubeIDE/plugins/com.st.stm32cube.ide.mcu.externaltools.gnu-tools-for-stm32.12.3.rel1.win32_1.0.200.202406191623/tools/bin/../lib/gcc/arm-none-eabi/12.3.1/../../../../arm-none-eabi/lib/thumb/v7-m/nofp\libc.a
LOAD C:/ST/STM32CubeIDE_1.4.0/STM32CubeIDE/plugins/com.st.stm32cube.ide.mcu.externaltools.gnu-tools-for-stm32.12.3.rel1.win32_1.0.200.202406191623/tools/bin/../lib/gcc/arm-none-eabi/12.3.1/../../../../arm-none-eabi/lib/thumb/v7-m/nofp\libm.a
LOAD C:/ST/STM32CubeIDE_1.4.0/STM32CubeIDE/plugins/com.st.stm32cube.ide.mcu.externaltools.gnu-tools-for-stm32.12.3.rel1.win32_1.0.200.202406191623/tools/bin/../lib/gcc/arm-none-eabi/12.3.1/thumb/v7-m/nofp\libgcc.a

.debug_info     0x00000000      0x25f
 .debug_info    0x00000000      0x22f ./Src/main.o
 .debug_info    0x0000022f       0x30 ./Startup/startup_stm32f103c6tx.o

.debug_abbrev   0x00000000      0x116
 .debug_abbrev  0x00000000       0xf2 ./Src/main.o
 .debug_abbrev  0x000000f2       0x24 ./Startup/startup_stm32f103c6tx.o

.debug_aranges  0x00000000       0x50
 .debug_aranges
                0x00000000       0x28 ./Src/main.o
 .debug_aranges
                0x00000028       0x28 ./Startup/startup_stm32f103c6tx.o

.debug_rnglists
                0x00000000       0x32
 .debug_rnglists
                0x00000000       0x19 ./Src/main.o
 .debug_rnglists
                0x00000019       0x19 ./Startup/startup_stm32f103c6tx.o

.debug_macro    0x00000000      0x982
 .debug_macro   0x00000000      0x1a9 ./Src/main.o
 .debug_macro   0x000001a9       0x8e ./Src/main.o
 .debug_macro   0x00000237       0x51 ./Src/main.o
 .debug_macro   0x00000288       0x61 ./Src/main.o
 .debug_macro   0x000002e9       0x1c ./Src/main.o
 .debug_macro   0x00000305       0x35 ./Src/main.o
 .debug_macro   0x0000033a       0x10 ./Src/main.o
 .debug_macro   0x0000034a       0x1c ./Src/main.o
 .debug_macro   0x00000366       0x16 ./Src/main.o
 .debug_macro   0x0000037c      0x146 ./Src/main.o
 .debug_macro   0x000004c2      0x1b6 ./Src/main.o
 .debug_macro   0x00000678      0x22a ./Src/main.o
 .debug_macro   0x000008a2       0xa0 ./Src/main.o
 .debug_macro   0x00000942       0x40 ./Src/main.o

.debug_line     0x00000000      0x76b
 .debug_line    0x00000000      0x6f0 ./Src/main.o
 .debug_line    0x000006f0       0x7b ./Startup/startup_stm32f103c6tx.o

.debug_str      0x00000000     0x9989
 .debug_str     0x00000000     0x994a ./Src/main.o
                               0x9b51 (size before relaxing)
 .debug_str     0x0000994a       0x3f ./Startup/startup_stm32f103c6tx.o
                                 0x93 (size before relaxing)

.comment        0x00000000       0x43
 .comment       0x00000000       0x43 ./Src/main.o
                                 0x44 (size before relaxing)

.debug_frame    0x00000000       0x80
 .debug_frame   0x00000000       0x54 ./Src/main.o
 .debug_frame   0x00000054       0x2c C:/ST/STM32CubeIDE_1.4.0/STM32CubeIDE/plugins/com.st.stm32cube.ide.mcu.externaltools.gnu-tools-for-stm32.12.3.rel1.win32_1.0.200.202406191623/tools/bin/../lib/gcc/arm-none-eabi/12.3.1/../../../../arm-none-eabi/lib/thumb/v7-m/nofp\libc_nano.a(libc_a-init.o)

.debug_line_str
                0x00000000       0x77
 .debug_line_str
                0x00000000       0x77 ./Startup/startup_stm32f103c6tx.o
